cargo :         Info Looking up installed tauri packages to check mismatched versions...
строка:1 знак:43
+ ... D:\work\horizonsMachine\VisionMachine; cargo tauri build 2>&1 | Out-F ...
+                                            ~~~~~~~~~~~~~~~~~~~~~~
    + CategoryInfo          : NotSpecified: (        Info Lo...hed versions...:String) [], RemoteException
    + FullyQualifiedErrorId : NativeCommandError
 
        Warn The bundle identifier "com.visionmachine.app" set in `"tauri.conf.json" identifier` ends with `.app`. This
 is not recommended because it conflicts with the application bundle extension on macOS.
   Compiling visionmachine v0.1.0 (D:\work\horizonsMachine\VisionMachine\src-tauri)
error[E0583]: file not found for module `tools`
 --> src\commands\mod.rs:7:1
  |
7 | pub mod tools;
  | ^^^^^^^^^^^^^^
  |
  = help: to create the module `tools`, create file "src\commands\tools.rs" or "src\commands\tools\mod.rs"
  = note: if there is a `mod tools` elsewhere in the crate already, import it with `use crate::...` instead

error[E0428]: the name `__tauri_command_name_get_composer` is defined multiple times
  --> src\commands\sessions.rs:15:1
   |
15 | #[tauri::command]
   | ^^^^^^^^^^^^^^^^^ `__tauri_command_name_get_composer` redefined here
   |
  ::: src\commands\composer.rs:87:1
   |
87 | #[tauri::command]
   | ----------------- previous definition of the macro `__tauri_command_name_get_composer` here
   |
   = note: `__tauri_command_name_get_composer` must be defined only once in the macro namespace of this module
   = note: this error originates in the attribute macro `tauri::command` (in Nightly builds, run with -Z macro-backtrac
e for more info)

error[E0428]: the name `__cmd__get_composer` is defined multiple times
  --> src\commands\sessions.rs:15:1
   |
15 | #[tauri::command]
   | ^^^^^^^^^^^^^^^^^ `__cmd__get_composer` redefined here
   |
  ::: src\commands\composer.rs:87:1
   |
87 | #[tauri::command]
   | ----------------- previous definition of the macro `__cmd__get_composer` here
   |
   = note: `__cmd__get_composer` must be defined only once in the macro namespace of this module
   = note: this error originates in the attribute macro `tauri::command` (in Nightly builds, run with -Z macro-backtrac
e for more info)

error[E0432]: unresolved imports `crate::models::ComposerInstance`, `crate::models::PipeState`, `crate::models::PromptR
ow`
 --> src\controllers\composer.rs:1:40
  |
1 | use crate::models::{ComposerViewModel, ComposerInstance, PipeState, PromptRow};
  |                                        ^^^^^^^^^^^^^^^^  ^^^^^^^^^  ^^^^^^^^^ no `PromptRow` in `models`
  |                                        |                 |
  |                                        |                 no `PipeState` in `models`
  |                                        no `ComposerInstance` in `models`
  |
  = help: consider importing this struct instead:
          crate::models::viewmodel::ComposerInstance
  = help: consider importing this struct instead:
          crate::models::viewmodel::PipeState
  = help: consider importing this struct instead:
          crate::models::viewmodel::PromptRow
help: a similar name exists in the module
  |
1 - use crate::models::{ComposerViewModel, ComposerInstance, PipeState, PromptRow};
1 + use crate::models::{ComposerViewModel, ComposerState, PipeState, PromptRow};
  |
help: a similar name exists in the module
  |
1 - use crate::models::{ComposerViewModel, ComposerInstance, PipeState, PromptRow};
1 + use crate::models::{ComposerViewModel, ComposerInstance, PipeStatus, PromptRow};
  |

error[E0432]: unresolved import `settings::SettingsStore`
 --> src\storage\mod.rs:7:9
  |
7 | pub use settings::SettingsStore;
  |         ^^^^^^^^^^^^^^^^^^^^^^^ no `SettingsStore` in `storage::settings`

error[E0432]: unresolved imports `validation::Validator`, `validation::ValidationRule`
 --> src\storage\mod.rs:8:22
  |
8 | pub use validation::{Validator, ValidationRule};
  |                      ^^^^^^^^^  ^^^^^^^^^^^^^^ no `ValidationRule` in `storage::validation`
  |                      |
  |                      no `Validator` in `storage::validation`

error[E0433]: cannot find `__tauri_command_name_get_profile` in `profiles`
  --> src\lib.rs:12:25
   |
12 |           .invoke_handler(tauri::generate_handler![
   |  _________________________^
13 | |             // Profiles
14 | |             commands::profiles::get_profile,
15 | |             commands::profiles::list_profiles,
...  |
49 | |             commands::settings::set_setting,
50 | |         ])
   | |_________^ could not find `__tauri_command_name_get_profile` in `profiles`
   |
   = note: this error originates in the macro `tauri::generate_handler` (in Nightly builds, run with -Z macro-backtrace
 for more info)

error[E0433]: cannot find `__cmd__get_profile` in `profiles`
  --> src\lib.rs:14:33
   |
14 |             commands::profiles::get_profile,
   |                                 ^^^^^^^^^^^ could not find `__cmd__get_profile` in `profiles`

error[E0433]: cannot find `__tauri_command_name_list_sessions` in `sessions`
  --> src\lib.rs:12:25
   |
12 |           .invoke_handler(tauri::generate_handler![
   |  _________________________^
13 | |             // Profiles
14 | |             commands::profiles::get_profile,
15 | |             commands::profiles::list_profiles,
...  |
49 | |             commands::settings::set_setting,
50 | |         ])
   | |_________^ could not find `__tauri_command_name_list_sessions` in `sessions`
   |
   = note: this error originates in the macro `tauri::generate_handler` (in Nightly builds, run with -Z macro-backtrace
 for more info)

error[E0433]: cannot find `__cmd__list_sessions` in `sessions`
  --> src\lib.rs:26:33
   |
26 |             commands::sessions::list_sessions,
   |                                 ^^^^^^^^^^^^^ could not find `__cmd__list_sessions` in `sessions`

error[E0433]: cannot find `__tauri_command_name_get_session` in `sessions`
  --> src\lib.rs:12:25
   |
12 |           .invoke_handler(tauri::generate_handler![
   |  _________________________^
13 | |             // Profiles
14 | |             commands::profiles::get_profile,
15 | |             commands::profiles::list_profiles,
...  |
49 | |             commands::settings::set_setting,
50 | |         ])
   | |_________^ could not find `__tauri_command_name_get_session` in `sessions`
   |
   = note: this error originates in the macro `tauri::generate_handler` (in Nightly builds, run with -Z macro-backtrace
 for more info)

error[E0433]: cannot find `__cmd__get_session` in `sessions`
  --> src\lib.rs:27:33
   |
27 |             commands::sessions::get_session,
   |                                 ^^^^^^^^^^^ could not find `__cmd__get_session` in `sessions`

error[E0433]: cannot find `__tauri_command_name_update_session_state` in `sessions`
  --> src\lib.rs:12:25
   |
12 |           .invoke_handler(tauri::generate_handler![
   |  _________________________^
13 | |             // Profiles
14 | |             commands::profiles::get_profile,
15 | |             commands::profiles::list_profiles,
...  |
49 | |             commands::settings::set_setting,
50 | |         ])
   | |_________^ could not find `__tauri_command_name_update_session_state` in `sessions`
   |
   = note: this error originates in the macro `tauri::generate_handler` (in Nightly builds, run with -Z macro-backtrace
 for more info)

error[E0433]: cannot find `__cmd__update_session_state` in `sessions`
  --> src\lib.rs:28:33
   |
28 |             commands::sessions::update_session_state,
   |                                 ^^^^^^^^^^^^^^^^^^^^ could not find `__cmd__update_session_state` in `sessions`

error[E0433]: cannot find `__tauri_command_name_list_artifacts_by_session` in `artifacts`
  --> src\lib.rs:12:25
   |
12 |           .invoke_handler(tauri::generate_handler![
   |  _________________________^
13 | |             // Profiles
14 | |             commands::profiles::get_profile,
15 | |             commands::profiles::list_profiles,
...  |
49 | |             commands::settings::set_setting,
50 | |         ])
   | |_________^ could not find `__tauri_command_name_list_artifacts_by_session` in `artifacts`
   |
   = note: this error originates in the macro `tauri::generate_handler` (in Nightly builds, run with -Z macro-backtrace
 for more info)

error[E0433]: cannot find `__cmd__list_artifacts_by_session` in `artifacts`
  --> src\lib.rs:45:34
   |
45 |             commands::artifacts::list_artifacts_by_session,
   |                                  ^^^^^^^^^^^^^^^^^^^^^^^^^ could not find `__cmd__list_artifacts_by_session` in `a
rtifacts`

error[E0433]: cannot find `__tauri_command_name_get_setting` in `settings`
  --> src\lib.rs:12:25
   |
12 |           .invoke_handler(tauri::generate_handler![
   |  _________________________^
13 | |             // Profiles
14 | |             commands::profiles::get_profile,
15 | |             commands::profiles::list_profiles,
...  |
49 | |             commands::settings::set_setting,
50 | |         ])
   | |_________^ could not find `__tauri_command_name_get_setting` in `settings`
   |
   = note: this error originates in the macro `tauri::generate_handler` (in Nightly builds, run with -Z macro-backtrace
 for more info)

error[E0433]: cannot find `__cmd__get_setting` in `settings`
  --> src\lib.rs:48:33
   |
48 |             commands::settings::get_setting,
   |                                 ^^^^^^^^^^^ could not find `__cmd__get_setting` in `settings`

error[E0433]: cannot find `__tauri_command_name_set_setting` in `settings`
  --> src\lib.rs:12:25
   |
12 |           .invoke_handler(tauri::generate_handler![
   |  _________________________^
13 | |             // Profiles
14 | |             commands::profiles::get_profile,
15 | |             commands::profiles::list_profiles,
...  |
49 | |             commands::settings::set_setting,
50 | |         ])
   | |_________^ could not find `__tauri_command_name_set_setting` in `settings`
   |
   = note: this error originates in the macro `tauri::generate_handler` (in Nightly builds, run with -Z macro-backtrace
 for more info)

error[E0433]: cannot find `__cmd__set_setting` in `settings`
  --> src\lib.rs:49:33
   |
49 |             commands::settings::set_setting,
   |                                 ^^^^^^^^^^^ could not find `__cmd__set_setting` in `settings`

error[E0726]: implicit elided lifetime not allowed here
 --> src\commands\artifacts.rs:9:9
  |
9 |     db: State<Database>,
  |         ^^^^^^^^^^^^^^^ expected lifetime parameter
  |
help: indicate the anonymous lifetime
  |
9 |     db: State<'_, Database>,
  |               +++

error[E0433]: cannot find `PromptTag` in `models`
   --> src\commands\composer.rs:256:38
    |
256 |             if parent.tag != models::PromptTag::Segment && parent.tag != models::PromptTag::GlobalStyle {
    |                                      ^^^^^^^^^ could not find `PromptTag` in `models`

error[E0433]: cannot find `PromptTag` in `models`
   --> src\commands\composer.rs:256:82
    |
256 |             if parent.tag != models::PromptTag::Segment && parent.tag != models::PromptTag::GlobalStyle {
    |                                                                                  ^^^^^^^^^ could not find `Prompt
Tag` in `models`

error[E0433]: cannot find `PromptTag` in `models`
   --> src\commands\composer.rs:264:38
    |
264 |             if parent.tag == models::PromptTag::Segment {
    |                                      ^^^^^^^^^ could not find `PromptTag` in `models`

error[E0433]: cannot find `PromptTag` in `models`
   --> src\commands\composer.rs:266:29
    |
266 |                     models::PromptTag::Movement,
    |                             ^^^^^^^^^ could not find `PromptTag` in `models`

error[E0433]: cannot find `PromptTag` in `models`
   --> src\commands\composer.rs:267:29
    |
267 |                     models::PromptTag::Rotation,
    |                             ^^^^^^^^^ could not find `PromptTag` in `models`

error[E0433]: cannot find `PromptTag` in `models`
   --> src\commands\composer.rs:268:29
    |
268 |                     models::PromptTag::FocalPoint,
    |                             ^^^^^^^^^ could not find `PromptTag` in `models`

error[E0433]: cannot find `PromptTag` in `models`
   --> src\commands\composer.rs:269:29
    |
269 |                     models::PromptTag::Lighting,
    |                             ^^^^^^^^^ could not find `PromptTag` in `models`

error[E0433]: cannot find `PromptTag` in `models`
   --> src\commands\composer.rs:270:29
    |
270 |                     models::PromptTag::Exposure,
    |                             ^^^^^^^^^ could not find `PromptTag` in `models`

error[E0433]: cannot find `PromptTag` in `models`
   --> src\commands\composer.rs:271:29
    |
271 |                     models::PromptTag::LensEffect,
    |                             ^^^^^^^^^ could not find `PromptTag` in `models`

error[E0433]: cannot find `PromptTag` in `models`
   --> src\commands\composer.rs:274:43
    |
274 |                     "movement" => models::PromptTag::Movement,
    |                                           ^^^^^^^^^ could not find `PromptTag` in `models`

error[E0433]: cannot find `PromptTag` in `models`
   --> src\commands\composer.rs:275:43
    |
275 |                     "rotation" => models::PromptTag::Rotation,
    |                                           ^^^^^^^^^ could not find `PromptTag` in `models`

error[E0433]: cannot find `PromptTag` in `models`
   --> src\commands\composer.rs:276:46
    |
276 |                     "focal_point" => models::PromptTag::FocalPoint,
    |                                              ^^^^^^^^^ could not find `PromptTag` in `models`

error[E0433]: cannot find `PromptTag` in `models`
   --> src\commands\composer.rs:277:43
    |
277 |                     "lighting" => models::PromptTag::Lighting,
    |                                           ^^^^^^^^^ could not find `PromptTag` in `models`

error[E0433]: cannot find `PromptTag` in `models`
   --> src\commands\composer.rs:278:43
    |
278 |                     "exposure" => models::PromptTag::Exposure,
    |                                           ^^^^^^^^^ could not find `PromptTag` in `models`

error[E0433]: cannot find `PromptTag` in `models`
   --> src\commands\composer.rs:279:46
    |
279 |                     "lens_effect" => models::PromptTag::LensEffect,
    |                                              ^^^^^^^^^ could not find `PromptTag` in `models`

error[E0726]: implicit elided lifetime not allowed here
 --> src\commands\profiles.rs:8:9
  |
8 |     db: State<Database>,
  |         ^^^^^^^^^^^^^^^ expected lifetime parameter
  |
help: indicate the anonymous lifetime
  |
8 |     db: State<'_, Database>,
  |               +++

error[E0726]: implicit elided lifetime not allowed here
  --> src\commands\profiles.rs:17:9
   |
17 |     db: State<Database>,
   |         ^^^^^^^^^^^^^^^ expected lifetime parameter
   |
help: indicate the anonymous lifetime
   |
17 |     db: State<'_, Database>,
   |               +++

error[E0726]: implicit elided lifetime not allowed here
  --> src\commands\profiles.rs:26:9
   |
26 |     db: State<Database>,
   |         ^^^^^^^^^^^^^^^ expected lifetime parameter
   |
help: indicate the anonymous lifetime
   |
26 |     db: State<'_, Database>,
   |               +++

error[E0726]: implicit elided lifetime not allowed here
 --> src\commands\projects.rs:9:9
  |
9 |     db: State<Database>,
  |         ^^^^^^^^^^^^^^^ expected lifetime parameter
  |
help: indicate the anonymous lifetime
  |
9 |     db: State<'_, Database>,
  |               +++

error[E0726]: implicit elided lifetime not allowed here
  --> src\commands\projects.rs:19:9
   |
19 |     db: State<Database>,
   |         ^^^^^^^^^^^^^^^ expected lifetime parameter
   |
help: indicate the anonymous lifetime
   |
19 |     db: State<'_, Database>,
   |               +++

error[E0726]: implicit elided lifetime not allowed here
  --> src\commands\projects.rs:29:9
   |
29 |     db: State<Database>,
   |         ^^^^^^^^^^^^^^^ expected lifetime parameter
   |
help: indicate the anonymous lifetime
   |
29 |     db: State<'_, Database>,
   |               +++

error[E0726]: implicit elided lifetime not allowed here
  --> src\commands\projects.rs:39:9
   |
39 |     db: State<Database>,
   |         ^^^^^^^^^^^^^^^ expected lifetime parameter
   |
help: indicate the anonymous lifetime
   |
39 |     db: State<'_, Database>,
   |               +++

error[E0726]: implicit elided lifetime not allowed here
 --> src\commands\sessions.rs:8:9
  |
8 |     db: State<Database>,
  |         ^^^^^^^^^^^^^^^ expected lifetime parameter
  |
help: indicate the anonymous lifetime
  |
8 |     db: State<'_, Database>,
  |               +++

error[E0726]: implicit elided lifetime not allowed here
  --> src\commands\sessions.rs:18:9
   |
18 |     db: State<Database>,
   |         ^^^^^^^^^^^^^^^ expected lifetime parameter
   |
help: indicate the anonymous lifetime
   |
18 |     db: State<'_, Database>,
   |               +++

error[E0726]: implicit elided lifetime not allowed here
  --> src\commands\sessions.rs:29:9
   |
29 |     db: State<Database>,
   |         ^^^^^^^^^^^^^^^ expected lifetime parameter
   |
help: indicate the anonymous lifetime
   |
29 |     db: State<'_, Database>,
   |               +++

error[E0726]: implicit elided lifetime not allowed here
  --> src\commands\settings.rs:12:37
   |
12 | pub async fn get_database_stats(db: State<Database>) -> Result<serde_json::Value, String> {
   |                                     ^^^^^^^^^^^^^^^ expected lifetime parameter
   |
help: indicate the anonymous lifetime
   |
12 | pub async fn get_database_stats(db: State<'_, Database>) -> Result<serde_json::Value, String> {
   |                                           +++

error[E0726]: implicit elided lifetime not allowed here
  --> src\storage\settings.rs:84:36
   |
84 | async fn get_storage_path(manager: tauri::State<StorageManagerHandle>) -> String {
   |                                    ^^^^^^^^^^^^^^^^^^^^^^^^^^^^^^^^^^ expected lifetime parameter
   |
help: indicate the anonymous lifetime
   |
84 | async fn get_storage_path(manager: tauri::State<'_, StorageManagerHandle>) -> String {
   |                                                 +++

error[E0726]: implicit elided lifetime not allowed here
  --> src\storage\settings.rs:91:14
   |
91 |     manager: tauri::State<StorageManagerHandle>,
   |              ^^^^^^^^^^^^^^^^^^^^^^^^^^^^^^^^^^ expected lifetime parameter
   |
help: indicate the anonymous lifetime
   |
91 |     manager: tauri::State<'_, StorageManagerHandle>,
   |                           +++

error[E0726]: implicit elided lifetime not allowed here
  --> src\storage\settings.rs:97:38
   |
97 | async fn get_database_stats(manager: tauri::State<StorageManagerHandle>) -> Result<serde_json::Value, String> {
   |                                      ^^^^^^^^^^^^^^^^^^^^^^^^^^^^^^^^^^ expected lifetime parameter
   |
help: indicate the anonymous lifetime
   |
97 | async fn get_database_stats(manager: tauri::State<'_, StorageManagerHandle>) -> Result<serde_json::Value, String> 
{
   |                                                   +++

error[E0425]: cannot find type `ComposerInstance` in module `crate::models`
   --> src\controllers\composer.rs:39:79
    |
 39 |     pub fn get_active_instance(&self) -> Option<std::sync::Arc<crate::models::ComposerInstance>> {
    |                                                                               ^^^^^^^^^^^^^^^^
    |
   ::: src\models\composer.rs:216:1
    |
216 | pub enum ComposerState {
    | ---------------------- similarly named enum `ComposerState` defined here
    |
help: an enum with a similar name exists
    |
 39 -     pub fn get_active_instance(&self) -> Option<std::sync::Arc<crate::models::ComposerInstance>> {
 39 +     pub fn get_active_instance(&self) -> Option<std::sync::Arc<crate::models::ComposerState>> {
    |
help: consider importing this struct
    |
  1 + use crate::models::viewmodel::ComposerInstance;
    |
help: if you import `ComposerInstance`, refer to it directly
    |
 39 -     pub fn get_active_instance(&self) -> Option<std::sync::Arc<crate::models::ComposerInstance>> {
 39 +     pub fn get_active_instance(&self) -> Option<std::sync::Arc<ComposerInstance>> {
    |

error[E0422]: cannot find struct, variant or union type `ToolDefinition` in module `crate::models`
  --> src\controllers\tools.rs:17:35
   |
17 |         let tool = crate::models::ToolDefinition {
   |                                   ^^^^^^^^^^^^^^ not found in `crate::models`
   |
help: consider importing this struct
   |
 1 + use crate::models::tool::ToolDefinition;
   |
help: if you import `ToolDefinition`, refer to it directly
   |
17 -         let tool = crate::models::ToolDefinition {
17 +         let tool = ToolDefinition {
   |

error[E0425]: cannot find type `ToolDefinition` in this scope
   --> src\models\viewmodel.rs:321:40
    |
321 |     pub available_tools: Arc<Mutex<Vec<ToolDefinition>>>,
    |                                        ^^^^^^^^^^^^^^ not found in this scope
    |
help: consider importing this struct
    |
  1 + use crate::models::tool::ToolDefinition;
    |

error[E0425]: cannot find type `ToolDefinition` in this scope
   --> src\models\viewmodel.rs:340:45
    |
340 |     pub async fn register_tool(&self, tool: ToolDefinition) {
    |                                             ^^^^^^^^^^^^^^ not found in this scope
    |
help: consider importing this struct
    |
  1 + use crate::models::tool::ToolDefinition;
    |

warning: unused import: `tauri::Manager`
 --> src\lib.rs:1:5
  |
1 | use tauri::Manager;
  |     ^^^^^^^^^^^^^^
  |
  = note: `#[warn(unused_imports)]` (part of `#[warn(unused)]`) on by default

warning: unused imports: `Deserialize` and `Serialize`
 --> src\models\async_writer.rs:1:13
  |
1 | use serde::{Deserialize, Serialize};
  |             ^^^^^^^^^^^  ^^^^^^^^^

warning: unused import: `std::time::Duration`
 --> src\models\async_writer.rs:4:5
  |
4 | use std::time::Duration;
  |     ^^^^^^^^^^^^^^^^^^^

warning: unused import: `Pool`
 --> src\storage\db.rs:1:24
  |
1 | use sqlx::{SqlitePool, Pool, Row};
  |                        ^^^^

warning: unused import: `DateTime`
 --> src\storage\db.rs:5:14
  |
5 | use chrono::{DateTime, Utc};
  |              ^^^^^^^^

warning: unused imports: `Deserialize` and `Serialize`
 --> src\storage\db.rs:6:13
  |
6 | use serde::{Deserialize, Serialize};
  |             ^^^^^^^^^^^  ^^^^^^^^^

error[E0599]: no method named `get_or_create_session_settings` found for struct `db::Database` in the current scope
  --> src\commands\composer.rs:92:23
   |
92 |     let settings = db.get_or_create_session_settings(&session_id).await.map_err(|e| e.to_string())?;
   |                       ^^^^^^^^^^^^^^^^^^^^^^^^^^^^^^ method not found in `db::Database`
   |
  ::: src\storage\db.rs:10:1
   |
10 | pub struct Database {
   | ------------------- method `get_or_create_session_settings` not found for this struct

error[E0599]: no method named `list_pipes` found for struct `db::Database` in the current scope
   --> src\commands\composer.rs:93:20
    |
 93 |     let pipes = db.list_pipes(&composer.id).await.map_err(|e| e.to_string())?;
    |                    ^^^^^^^^^^
    |
   ::: src\storage\db.rs:10:1
    |
 10 | pub struct Database {
    | ------------------- method `list_pipes` not found for this struct
    |
help: there is a method `list_profiles` with a similar name, but with different arguments
   --> src\storage\db.rs:280:5
    |
280 |     pub async fn list_profiles(&self) -> Result<Vec<serde_json::Value>, Box<dyn std::error::Error>> {
    |     ^^^^^^^^^^^^^^^^^^^^^^^^^^^^^^^^^^^^^^^^^^^^^^^^^^^^^^^^^^^^^^^^^^^^^^^^^^^^^^^^^^^^^^^^^^^^^^^

error[E0599]: no variant, associated function, or constant named `Idle` found for enum `models::composer::PipeStatus` i
n the current scope
   --> src\commands\composer.rs:97:33
    |
 97 |             models::PipeStatus::Idle => "idle",
    |                                 ^^^^ variant, associated function, or constant not found in `models::composer::Pi
peStatus`
    |
   ::: src\models\composer.rs:181:1
    |
181 | pub enum PipeStatus {
    | ------------------- variant, associated function, or constant `Idle` not found for this enum

error[E0599]: no variant, associated function, or constant named `Generating` found for enum `models::composer::PipeSta
tus` in the current scope
   --> src\commands\composer.rs:98:33
    |
 98 |             models::PipeStatus::Generating => "generating",
    |                                 ^^^^^^^^^^ variant, associated function, or constant not found in `models::compos
er::PipeStatus`
    |
   ::: src\models\composer.rs:181:1
    |
181 | pub enum PipeStatus {
    | ------------------- variant, associated function, or constant `Generating` not found for this enum

error[E0308]: `match` arms have incompatible types
   --> src\commands\composer.rs:100:45
    |
 96 |         let status_str = match &pipe.status {
    |                          ------------------ `match` arms have incompatible types
 97 |             models::PipeStatus::Idle => "idle",
    |                                         ------ this is found to be of type `&str`
 98 |             models::PipeStatus::Generating => "generating",
    |                                               ------------ this is found to be of type `&str`
 99 |             models::PipeStatus::Completed => "completed",
    |                                              ----------- this is found to be of type `&str`
100 |             models::PipeStatus::Error(e) => format!("error: {}", e),
    |                                             ^^^^^^^^^^^^^^^^^^^^^^^ expected `&str`, found `String`

error[E0599]: no method named `save_composer` found for struct `db::Database` in the current scope
   --> src\commands\composer.rs:158:8
    |
158 |     db.save_composer(&composer).await.map_err(|e| e.to_string())
    |        ^^^^^^^^^^^^^
    |
   ::: src\storage\db.rs:10:1
    |
 10 | pub struct Database {
    | ------------------- method `save_composer` not found for this struct
    |
help: there is a method `update_composer` with a similar name, but with different arguments
   --> src\storage\composer_db.rs:111:5
    |
111 |     pub async fn update_composer(&self, session_id: &str, config_json: &str) -> Result<i32, Box<dyn std::error::E
rror>> {
    |     ^^^^^^^^^^^^^^^^^^^^^^^^^^^^^^^^^^^^^^^^^^^^^^^^^^^^^^^^^^^^^^^^^^^^^^^^^^^^^^^^^^^^^^^^^^^^^^^^^^^^^^^^^^^^^
^^^^^^

error[E0061]: this method takes 3 arguments but 4 arguments were supplied
   --> src\commands\composer.rs:167:19
    |
167 |     let pipe = db.add_pipe(&req.composer_id, &req.session_id, &name, 0)
    |                   ^^^^^^^^                                           - unexpected argument #4 of type `{integer}`
    |
note: method defined here
   --> src\storage\composer_db.rs:165:18
    |
165 |     pub async fn add_pipe(&self, composer_id: &str, session_id: &str, name: &str) -> Result<String, Box<dyn std::
error::Error>> {
    |                  ^^^^^^^^
help: remove the extra argument
    |
167 -     let pipe = db.add_pipe(&req.composer_id, &req.session_id, &name, 0)
167 +     let pipe = db.add_pipe(&req.composer_id, &req.session_id, &name)
    |

error[E0609]: no field `id` on type `std::string::String`
   --> src\commands\composer.rs:171:18
    |
171 |         id: pipe.id,
    |                  ^^ unknown field

error[E0609]: no field `name` on type `std::string::String`
   --> src\commands\composer.rs:172:20
    |
172 |         name: pipe.name,
    |                    ^^^^ unknown field

error[E0609]: no field `order_index` on type `std::string::String`
   --> src\commands\composer.rs:173:27
    |
173 |         order_index: pipe.order_index,
    |                           ^^^^^^^^^^^ unknown field

error[E0609]: no field `num_inference_steps` on type `std::string::String`
   --> src\commands\composer.rs:174:35
    |
174 |         num_inference_steps: pipe.num_inference_steps,
    |                                   ^^^^^^^^^^^^^^^^^^^ unknown field

error[E0609]: no field `cfg_scale` on type `std::string::String`
   --> src\commands\composer.rs:175:25
    |
175 |         cfg_scale: pipe.cfg_scale,
    |                         ^^^^^^^^^ unknown field

error[E0609]: no field `target_frames` on type `std::string::String`
   --> src\commands\composer.rs:176:29
    |
176 |         target_frames: pipe.target_frames,
    |                             ^^^^^^^^^^^^^ unknown field

error[E0609]: no field `status` on type `std::string::String`
   --> src\commands\composer.rs:177:38
    |
177 |         status: format!("{:?}", pipe.status).to_lowercase(),
    |                                      ^^^^^^ unknown field

error[E0599]: no method named `update_pipe` found for struct `db::Database` in the current scope
   --> src\commands\composer.rs:200:8
    |
200 |     db.update_pipe(&req.pipe_id, &updates).await.map_err(|e| e.to_string())
    |        ^^^^^^^^^^^ method not found in `db::Database`
    |
   ::: src\storage\db.rs:10:1
    |
 10 | pub struct Database {
    | ------------------- method `update_pipe` not found for this struct

error[E0599]: no method named `delete_pipe` found for struct `db::Database` in the current scope
   --> src\commands\composer.rs:207:8
    |
207 |     db.delete_pipe(&pipe_id).await.map_err(|e| e.to_string())
    |        ^^^^^^^^^^^ method not found in `db::Database`
    |
   ::: src\storage\db.rs:10:1
    |
 10 | pub struct Database {
    | ------------------- method `delete_pipe` not found for this struct

error[E0599]: no method named `add_keyframe` found for struct `db::Database` in the current scope
   --> src\commands\composer.rs:214:8
    |
214 |     db.add_keyframe(
    |     ---^^^^^^^^^^^^ method not found in `db::Database`
    |
   ::: src\storage\db.rs:10:1
    |
 10 | pub struct Database {
    | ------------------- method `add_keyframe` not found for this struct

error[E0599]: no method named `remove_keyframe` found for struct `db::Database` in the current scope
   --> src\commands\composer.rs:225:8
    |
225 |     db.remove_keyframe(&pipe_id, slot_index).await.map_err(|e| e.to_string())
    |        ^^^^^^^^^^^^^^^
    |
   ::: src\storage\db.rs:10:1
    |
 10 | pub struct Database {
    | ------------------- method `remove_keyframe` not found for this struct
    |
help: there is a method `remove_pipe` with a similar name, but with different arguments
   --> src\storage\composer_db.rs:195:5
    |
195 |     pub async fn remove_pipe(&self, pipe_id: &str) -> Result<(), Box<dyn std::error::Error>> {
    |     ^^^^^^^^^^^^^^^^^^^^^^^^^^^^^^^^^^^^^^^^^^^^^^^^^^^^^^^^^^^^^^^^^^^^^^^^^^^^^^^^^^^^^^^^

error[E0599]: no method named `list_keyframes` found for struct `db::Database` in the current scope
   --> src\commands\composer.rs:232:24
    |
232 |     let keyframes = db.list_keyframes(&pipe_id).await.map_err(|e| e.to_string())?;
    |                        ^^^^^^^^^^^^^^ method not found in `db::Database`
    |
   ::: src\storage\db.rs:10:1
    |
 10 | pub struct Database {
    | ------------------- method `list_keyframes` not found for this struct

error[E0599]: no method named `list_prompt_nodes` found for struct `db::Database` in the current scope
   --> src\commands\composer.rs:249:31
    |
249 |         let parent_nodes = db.list_prompt_nodes(&req.pipe_id).await
    |                               ^^^^^^^^^^^^^^^^^
    |
   ::: src\storage\db.rs:10:1
    |
 10 | pub struct Database {
    | ------------------- method `list_prompt_nodes` not found for this struct
    |
help: there is a method `list_profiles` with a similar name, but with different arguments
   --> src\storage\db.rs:280:5
    |
280 |     pub async fn list_profiles(&self) -> Result<Vec<serde_json::Value>, Box<dyn std::error::Error>> {
    |     ^^^^^^^^^^^^^^^^^^^^^^^^^^^^^^^^^^^^^^^^^^^^^^^^^^^^^^^^^^^^^^^^^^^^^^^^^^^^^^^^^^^^^^^^^^^^^^^

error[E0599]: no method named `add_prompt_node` found for struct `db::Database` in the current scope
   --> src\commands\composer.rs:289:22
    |
289 |     let node_id = db.add_prompt_node(
    |                   ---^^^^^^^^^^^^^^^
    |
   ::: src\storage\db.rs:10:1
    |
 10 | pub struct Database {
    | ------------------- method `add_prompt_node` not found for this struct
    |
help: there is a method `add_pipe` with a similar name, but with different arguments
   --> src\storage\composer_db.rs:165:5
    |
165 |     pub async fn add_pipe(&self, composer_id: &str, session_id: &str, name: &str) -> Result<String, Box<dyn std::
error::Error>> {
    |     ^^^^^^^^^^^^^^^^^^^^^^^^^^^^^^^^^^^^^^^^^^^^^^^^^^^^^^^^^^^^^^^^^^^^^^^^^^^^^^^^^^^^^^^^^^^^^^^^^^^^^^^^^^^^^
^^^^^^^^^^^^^^

error[E0599]: no method named `update_prompt_node` found for struct `db::Database` in the current scope
   --> src\commands\composer.rs:310:8
    |
310 |     db.update_prompt_node(
    |     ---^^^^^^^^^^^^^^^^^^
    |
   ::: src\storage\db.rs:10:1
    |
 10 | pub struct Database {
    | ------------------- method `update_prompt_node` not found for this struct
    |
help: there is a method `update_composer` with a similar name, but with different arguments
   --> src\storage\composer_db.rs:111:5
    |
111 |     pub async fn update_composer(&self, session_id: &str, config_json: &str) -> Result<i32, Box<dyn std::error::E
rror>> {
    |     ^^^^^^^^^^^^^^^^^^^^^^^^^^^^^^^^^^^^^^^^^^^^^^^^^^^^^^^^^^^^^^^^^^^^^^^^^^^^^^^^^^^^^^^^^^^^^^^^^^^^^^^^^^^^^
^^^^^^

error[E0599]: no method named `toggle_prompt_node` found for struct `db::Database` in the current scope
   --> src\commands\composer.rs:322:8
    |
322 |     db.toggle_prompt_node(&node_id, enabled).await.map_err(|e| e.to_string())
    |        ^^^^^^^^^^^^^^^^^^ method not found in `db::Database`
    |
   ::: src\storage\db.rs:10:1
    |
 10 | pub struct Database {
    | ------------------- method `toggle_prompt_node` not found for this struct

error[E0599]: no method named `remove_prompt_node` found for struct `db::Database` in the current scope
   --> src\commands\composer.rs:329:8
    |
329 |     db.remove_prompt_node(&node_id).await.map_err(|e| e.to_string())
    |        ^^^^^^^^^^^^^^^^^^
    |
   ::: src\storage\db.rs:10:1
    |
 10 | pub struct Database {
    | ------------------- method `remove_prompt_node` not found for this struct
    |
help: there is a method `remove_pipe` with a similar name
    |
329 -     db.remove_prompt_node(&node_id).await.map_err(|e| e.to_string())
329 +     db.remove_pipe(&node_id).await.map_err(|e| e.to_string())
    |

error[E0599]: no method named `get_or_create_session_settings` found for struct `db::Database` in the current scope
   --> src\commands\composer.rs:337:27
    |
337 |     let mut settings = db.get_or_create_session_settings(&req.session_id)
    |                           ^^^^^^^^^^^^^^^^^^^^^^^^^^^^^^ method not found in `db::Database`
    |
   ::: src\storage\db.rs:10:1
    |
 10 | pub struct Database {
    | ------------------- method `get_or_create_session_settings` not found for this struct

error[E0599]: no method named `save_session_settings` found for struct `db::Database` in the current scope
   --> src\commands\composer.rs:373:8
    |
373 |     db.save_session_settings(&settings).await.map_err(|e| e.to_string())?;
    |        ^^^^^^^^^^^^^^^^^^^^^ method not found in `db::Database`
    |
   ::: src\storage\db.rs:10:1
    |
 10 | pub struct Database {
    | ------------------- method `save_session_settings` not found for this struct

error[E0599]: no method named `get_or_create_session_settings` found for struct `db::Database` in the current scope
   --> src\commands\composer.rs:388:23
    |
388 |     let settings = db.get_or_create_session_settings(&session_id)
    |                       ^^^^^^^^^^^^^^^^^^^^^^^^^^^^^^ method not found in `db::Database`
    |
   ::: src\storage\db.rs:10:1
    |
 10 | pub struct Database {
    | ------------------- method `get_or_create_session_settings` not found for this struct

error[E0599]: no method named `emit` found for struct `AppHandle<R>` in the current scope
   --> src\commands\profiles.rs:33:9
    |
 33 |     app.emit("profile_logged_out", ())
    |         ^^^^
    |
   ::: C:\Users\user\.cargo\registry\src\index.crates.io-1949cf8c6b5b557f\tauri-2.11.5\src\lib.rs:946:6
    |
946 |   fn emit<S: Serialize + Clone>(&self, event: &str, payload: S) -> Result<()> {
    |      ---- the method is available for `AppHandle` here
    |
    = help: items from traits can only be used if the trait is in scope
help: there is a method `exit` with a similar name, but with different arguments
   --> C:\Users\user\.cargo\registry\src\index.crates.io-1949cf8c6b5b557f\tauri-2.11.5\src\app.rs:574:3
    |
574 |   pub fn exit(&self, exit_code: i32) {
    |   ^^^^^^^^^^^^^^^^^^^^^^^^^^^^^^^^^^
help: trait `Emitter` which provides `emit` is implemented but not in scope; perhaps you want to import it
    |
  1 + use tauri::Emitter;
    |

error[E0599]: no method named `show` found for struct `FrameViewModel` in the current scope
   --> src\controllers\frame.rs:21:21
    |
 21 |             self.vm.show().await;
    |                     ^^^^ method not found in `FrameViewModel`
    |
   ::: src\models\viewmodel.rs:115:1
    |
115 | pub struct FrameViewModel {
    | ------------------------- method `show` not found for this struct
    |
    = help: items from traits can only be used if the trait is implemented and in scope
    = note: the following traits define an item `show`, perhaps you need to implement one of them:
            candidate #1: `tauri_runtime::WebviewDispatch`
            candidate #2: `tauri_runtime::WindowDispatch`
help: one of the expressions' fields has a method of the same name
    |
 21 |             self.vm.base.show().await;
    |                     +++++

error[E0599]: no method named `hide` found for struct `FrameViewModel` in the current scope
   --> src\controllers\frame.rs:23:21
    |
 23 |             self.vm.hide().await;
    |                     ^^^^ method not found in `FrameViewModel`
    |
   ::: src\models\viewmodel.rs:115:1
    |
115 | pub struct FrameViewModel {
    | ------------------------- method `hide` not found for this struct
    |
    = help: items from traits can only be used if the trait is implemented and in scope
    = note: the following traits define an item `hide`, perhaps you need to implement one of them:
            candidate #1: `tauri_runtime::WebviewDispatch`
            candidate #2: `tauri_runtime::WindowDispatch`
help: one of the expressions' fields has a method of the same name
    |
 23 |             self.vm.base.hide().await;
    |                     +++++

error[E0599]: no method named `set_container_size` found for struct `FrameViewModel` in the current scope
   --> src\controllers\frame.rs:49:17
    |
 49 |         self.vm.set_container_size(width, height).await;
    |                 ^^^^^^^^^^^^^^^^^^ method not found in `FrameViewModel`
    |
   ::: src\models\viewmodel.rs:115:1
    |
115 | pub struct FrameViewModel {
    | ------------------------- method `set_container_size` not found for this struct
    |
help: one of the expressions' fields has a method of the same name
    |
 49 |         self.vm.base.set_container_size(width, height).await;
    |                 +++++

error[E0599]: no method named `hide` found for struct `ProjectViewModel` in the current scope
   --> src\controllers\projects.rs:33:21
    |
 33 |             self.vm.hide().await;
    |                     ^^^^ method not found in `ProjectViewModel`
    |
   ::: src\models\viewmodel.rs:158:1
    |
158 | pub struct ProjectViewModel {
    | --------------------------- method `hide` not found for this struct
    |
    = help: items from traits can only be used if the trait is implemented and in scope
    = note: the following traits define an item `hide`, perhaps you need to implement one of them:
            candidate #1: `tauri_runtime::WebviewDispatch`
            candidate #2: `tauri_runtime::WindowDispatch`
help: one of the expressions' fields has a method of the same name
    |
 33 |             self.vm.base.hide().await;
    |                     +++++

error[E0599]: no method named `show` found for struct `ProjectViewModel` in the current scope
   --> src\controllers\projects.rs:35:21
    |
 35 |             self.vm.show().await;
    |                     ^^^^ method not found in `ProjectViewModel`
    |
   ::: src\models\viewmodel.rs:158:1
    |
158 | pub struct ProjectViewModel {
    | --------------------------- method `show` not found for this struct
    |
    = help: items from traits can only be used if the trait is implemented and in scope
    = note: the following traits define an item `show`, perhaps you need to implement one of them:
            candidate #1: `tauri_runtime::WebviewDispatch`
            candidate #2: `tauri_runtime::WindowDispatch`
help: one of the expressions' fields has a method of the same name
    |
 35 |             self.vm.base.show().await;
    |                     +++++

error[E0599]: no method named `show` found for struct `ProfileViewModel` in the current scope
   --> src\controllers\profile.rs:28:21
    |
 28 |             self.vm.show().await;
    |                     ^^^^ method not found in `ProfileViewModel`
    |
   ::: src\models\viewmodel.rs:198:1
    |
198 | pub struct ProfileViewModel {
    | --------------------------- method `show` not found for this struct
    |
    = help: items from traits can only be used if the trait is implemented and in scope
    = note: the following traits define an item `show`, perhaps you need to implement one of them:
            candidate #1: `tauri_runtime::WebviewDispatch`
            candidate #2: `tauri_runtime::WindowDispatch`
help: one of the expressions' fields has a method of the same name
    |
 28 |             self.vm.base.show().await;
    |                     +++++

error[E0599]: no method named `hide` found for struct `ProfileViewModel` in the current scope
   --> src\controllers\profile.rs:30:21
    |
 30 |             self.vm.hide().await;
    |                     ^^^^ method not found in `ProfileViewModel`
    |
   ::: src\models\viewmodel.rs:198:1
    |
198 | pub struct ProfileViewModel {
    | --------------------------- method `hide` not found for this struct
    |
    = help: items from traits can only be used if the trait is implemented and in scope
    = note: the following traits define an item `hide`, perhaps you need to implement one of them:
            candidate #1: `tauri_runtime::WebviewDispatch`
            candidate #2: `tauri_runtime::WindowDispatch`
help: one of the expressions' fields has a method of the same name
    |
 30 |             self.vm.base.hide().await;
    |                     +++++

error[E0433]: cannot find module or crate `serde_yaml` in this scope
   --> src\models\async_writer.rs:100:34
    |
100 |             WriteFormat::YAML => serde_yaml::to_string(&composer)
    |                                  ^^^^^^^^^^ use of unresolved module or unlinked crate `serde_yaml`
    |
    = help: if you wanted to use a crate named `serde_yaml`, use `cargo add serde_yaml` to add it to your `Cargo.toml`

error[E0433]: cannot find module or crate `serde_yaml` in this scope
   --> src\models\async_writer.rs:130:34
    |
130 |             WriteFormat::YAML => serde_yaml::to_string(&composer)
    |                                  ^^^^^^^^^^ use of unresolved module or unlinked crate `serde_yaml`
    |
    = help: if you wanted to use a crate named `serde_yaml`, use `cargo add serde_yaml` to add it to your `Cargo.toml`

error[E0599]: no method named `set_setting` found for struct `tokio::sync::MutexGuard<'_, db::Database>` in the current
 scope
  --> src\storage\settings.rs:43:12
   |
43 |         db.set_setting("storage_path", &path).await?;
   |            ^^^^^^^^^^^ method not found in `tokio::sync::MutexGuard<'_, db::Database>`

error[E0599]: no method named `set_setting` found for struct `tokio::sync::MutexGuard<'_, db::Database>` in the current
 scope
  --> src\storage\settings.rs:67:12
   |
67 |         db.set_setting("storage_path", new_path).await.map_err(|e| e.to_string())?;
   |            ^^^^^^^^^^^ method not found in `tokio::sync::MutexGuard<'_, db::Database>`

error[E0277]: the trait bound `usize: sqlx::Decode<'_, _>` is not satisfied
   --> src\storage\composer_db.rs:135:40
    |
135 |         let rows = sqlx::query_as::<_, PipeDbRow>("SELECT * FROM pipes WHERE composer_id = ? ORDER BY order_index
")
    |                                        ^^^^^^^^^ the trait `sqlx::Decode<'_, _>` is not implemented for `usize`
    |
    = help: the following other types implement trait `sqlx::Decode<'r, DB>`:
              `f32` implements `sqlx::Decode<'_, Sqlite>`
              `f32` implements `sqlx::Decode<'_, sqlx::Any>`
              `f64` implements `sqlx::Decode<'_, Sqlite>`
              `f64` implements `sqlx::Decode<'_, sqlx::Any>`
              `i16` implements `sqlx::Decode<'_, Sqlite>`
              `i16` implements `sqlx::Decode<'_, sqlx::Any>`
              `i32` implements `sqlx::Decode<'_, Sqlite>`
              `i32` implements `sqlx::Decode<'_, sqlx::Any>`
            and 6 others
note: required for `PipeDbRow` to implement `for<'r> FromRow<'r, _>`
   --> src\storage\composer_db.rs:18:12
    |
 17 | #[derive(FromRow, Debug)]
    |          ------- type parameter would need to implement `for<'r> FromRow<'r, _>`
 18 | pub struct PipeDbRow {
    |            ^^^^^^^^^
    = help: consider manually implementing `for<'r> FromRow<'r, _>` to avoid undesired bounds
note: required by a bound in `sqlx::query_as`
   --> C:\Users\user\.cargo\registry\src\index.crates.io-1949cf8c6b5b557f\sqlx-core-0.7.4\src\query_as.rs:345:8
    |
342 | pub fn query_as<'q, DB, O>(sql: &'q str) -> QueryAs<'q, DB, O, <DB as HasArguments<'q>>::Arguments>
    |        -------- required by a bound in this function
...
345 |     O: for<'r> FromRow<'r, DB::Row>,
    |        ^^^^^^^^^^^^^^^^^^^^^^^^^^^^ required by this bound in `query_as`

error[E0277]: the trait bound `usize: sqlx::Type<_>` is not satisfied
   --> src\storage\composer_db.rs:135:40
    |
135 |         let rows = sqlx::query_as::<_, PipeDbRow>("SELECT * FROM pipes WHERE composer_id = ? ORDER BY order_index
")
    |                                        ^^^^^^^^^ the trait `sqlx::Type<_>` is not implemented for `usize`
    |
    = help: the following other types implement trait `sqlx::Type<DB>`:
              `f32` implements `sqlx::Type<Sqlite>`
              `f32` implements `sqlx::Type<sqlx::Any>`
              `f64` implements `sqlx::Type<Sqlite>`
              `f64` implements `sqlx::Type<sqlx::Any>`
              `i16` implements `sqlx::Type<Sqlite>`
              `i16` implements `sqlx::Type<sqlx::Any>`
              `i32` implements `sqlx::Type<Sqlite>`
              `i32` implements `sqlx::Type<sqlx::Any>`
            and 6 others
note: required for `PipeDbRow` to implement `for<'r> FromRow<'r, _>`
   --> src\storage\composer_db.rs:18:12
    |
 17 | #[derive(FromRow, Debug)]
    |          ------- type parameter would need to implement `for<'r> FromRow<'r, _>`
 18 | pub struct PipeDbRow {
    |            ^^^^^^^^^
    = help: consider manually implementing `for<'r> FromRow<'r, _>` to avoid undesired bounds
note: required by a bound in `sqlx::query_as`
   --> C:\Users\user\.cargo\registry\src\index.crates.io-1949cf8c6b5b557f\sqlx-core-0.7.4\src\query_as.rs:345:8
    |
342 | pub fn query_as<'q, DB, O>(sql: &'q str) -> QueryAs<'q, DB, O, <DB as HasArguments<'q>>::Arguments>
    |        -------- required by a bound in this function
...
345 |     O: for<'r> FromRow<'r, DB::Row>,
    |        ^^^^^^^^^^^^^^^^^^^^^^^^^^^^ required by this bound in `query_as`

error[E0599]: the method `fetch_all` exists for struct `QueryAs<'_, _, PipeDbRow, _>`, but its trait bounds were not sa
tisfied
   --> src\storage\composer_db.rs:137:14
    |
 18 |   pub struct PipeDbRow {
    |   -------------------- doesn't satisfy `PipeDbRow: FromRow<'r, _>`
...
135 |           let rows = sqlx::query_as::<_, PipeDbRow>("SELECT * FROM pipes WHERE composer_id = ? ORDER BY order_ind
ex")
    |  ____________________-
136 | |             .bind(composer_id)
137 | |             .fetch_all(pool)
    | |             -^^^^^^^^^ method cannot be called on `QueryAs<'_, _, PipeDbRow, _>` due to unsatisfied trait bound
s
    | |_____________|
    |
    |
note: the following trait bounds were not satisfied:
      `usize: sqlx::Decode<'_, _>`
      `usize: sqlx::Type<_>`
   --> src\storage\composer_db.rs:17:10
    |
 17 | #[derive(FromRow, Debug)]
    |          ^^^^^^^ type parameter would need to implement `FromRow`
    = help: consider manually implementing the trait to avoid undesired bounds
    = note: this error originates in the derive macro `FromRow` (in Nightly builds, run with -Z macro-backtrace for mor
e info)

error[E0277]: the trait bound `usize: Encode<'_, _>` is not satisfied
   --> src\storage\composer_db.rs:185:19
    |
185 |             .bind(order_index)
    |              ---- ^^^^^^^^^^^ the trait `Encode<'_, _>` is not implemented for `usize`
    |              |
    |              required by a bound introduced by this call
    |
    = help: the following other types implement trait `Encode<'q, DB>`:
              `f32` implements `Encode<'_, Sqlite>`
              `f32` implements `Encode<'_, sqlx::Any>`
              `f64` implements `Encode<'_, Sqlite>`
              `f64` implements `Encode<'_, sqlx::Any>`
              `i16` implements `Encode<'_, Sqlite>`
              `i16` implements `Encode<'_, sqlx::Any>`
              `i32` implements `Encode<'_, Sqlite>`
              `i32` implements `Encode<'_, sqlx::Any>`
            and 6 others
note: required by a bound in `Query::<'q, DB, <DB as HasArguments<'q>>::Arguments>::bind`
   --> C:\Users\user\.cargo\registry\src\index.crates.io-1949cf8c6b5b557f\sqlx-core-0.7.4\src\query.rs:81:32
    |
 81 |     pub fn bind<T: 'q + Send + Encode<'q, DB> + Type<DB>>(mut self, value: T) -> Self {
    |                                ^^^^^^^^^^^^^^ required by this bound in `Query::<'q, DB, <DB as HasArguments<'q>>
::Arguments>::bind`

error[E0277]: the trait bound `usize: sqlx::Type<_>` is not satisfied
   --> src\storage\composer_db.rs:185:19
    |
185 |             .bind(order_index)
    |              ---- ^^^^^^^^^^^ the trait `sqlx::Type<_>` is not implemented for `usize`
    |              |
    |              required by a bound introduced by this call
    |
    = help: the following other types implement trait `sqlx::Type<DB>`:
              `f32` implements `sqlx::Type<Sqlite>`
              `f32` implements `sqlx::Type<sqlx::Any>`
              `f64` implements `sqlx::Type<Sqlite>`
              `f64` implements `sqlx::Type<sqlx::Any>`
              `i16` implements `sqlx::Type<Sqlite>`
              `i16` implements `sqlx::Type<sqlx::Any>`
              `i32` implements `sqlx::Type<Sqlite>`
              `i32` implements `sqlx::Type<sqlx::Any>`
            and 6 others
note: required by a bound in `Query::<'q, DB, <DB as HasArguments<'q>>::Arguments>::bind`
   --> C:\Users\user\.cargo\registry\src\index.crates.io-1949cf8c6b5b557f\sqlx-core-0.7.4\src\query.rs:81:49
    |
 81 |     pub fn bind<T: 'q + Send + Encode<'q, DB> + Type<DB>>(mut self, value: T) -> Self {
    |                                                 ^^^^^^^^ required by this bound in `Query::<'q, DB, <DB as HasArg
uments<'q>>::Arguments>::bind`

error[E0308]: mismatched types
  --> src\models\async_writer.rs:48:13
   |
48 |             handle,
   |             ^^^^^^ expected `TokioJoinHandle<()>`, found future

error[E0277]: the trait bound `Interval: Clone` is not satisfied
   --> src\models\async_writer.rs:174:5
    |
170 | #[derive(Clone)]
    |          ----- in this derive macro expansion
...
174 |     timer: Option<tokio::time::Interval>,
    |     ^^^^^^^^^^^^^^^^^^^^^^^^^^^^^^^^^^^^ the trait `Clone` is not implemented for `Interval`
    |
    = note: required for `std::option::Option<Interval>` to implement `Clone`

error[E0282]: type annotations needed
   --> src\storage\validation.rs:148:10
    |
148 |         .collect()
    |          ^^^^^^^ cannot infer type of the type parameter `B` declared on the method `collect`
    |
help: consider specifying the generic argument
    |
148 |         .collect::<Vec<_>>()
    |                 ++++++++++

warning: unused variable: `format`
  --> src\models\async_writer.rs:77:52
   |
77 |     async fn write_file(path: &str, content: &str, format: &WriteFormat) -> Result<(), String> {
   |                                                    ^^^^^^ help: if this is intentional, prefix it with an undersco
re: `_format`
   |
   = note: `#[warn(unused_variables)]` (part of `#[warn(unused)]`) on by default

Some errors have detailed explanations: E0061, E0277, E0282, E0308, E0422, E0425, E0428, E0432, E0433...
For more information about an error, try `rustc --explain E0061`.
warning: `visionmachine` (lib) generated 7 warnings
error: could not compile `visionmachine` (lib) due to 101 previous errors; 7 warnings emitted
       Error failed to build app: failed to build app
